################################################################################
#                                                                              #
#      IAR Universal Linker V5.0.2.5/W32                                       #
#                                                                              #
#           Link time     =  13/Jan/2016  16:17:48                             #
#           Target CPU    =  x51                                               #
#           List file     =  "G:\f\ZL\网蜂科技（WeBee） ZigBee开发套件配套资源 #
#                            \示例程序和文档教程\2.组网实验\3.无线传输质量检测 #
#                            \WeBEE CC2530 BasicRF\ide\srf05_cc2530\iar\temp\p #
#                            er_test.map"                                      #
#           Output file 1 =  "G:\f\ZL\网蜂科技（WeBee） ZigBee开发套件配套资源 #
#                            \示例程序和文档教程\2.组网实验\3.无线传输质量检测 #
#                            \WeBEE CC2530 BasicRF\ide\srf05_cc2530\iar\per_te #
#                            st.hex"                                           #
#                            Format: intel-extended                            #
#           Output file 2 =  "G:\f\ZL\网蜂科技（WeBee） ZigBee开发套件配套资源 #
#                            \示例程序和文档教程\2.组网实验\3.无线传输质量检测 #
#                            \WeBEE CC2530 BasicRF\ide\srf05_cc2530\iar\per_te #
#                            st.d51"                                           #
#                            Format: debug                                     #
#                            UBROF version 10.0.3                              #
#                            Using library modules for C-SPY (-rt)             #
#           Command line  =  "-IC:\Program Files\IAR Systems\Embedded Workbenc #
#                            h 6.0 Evaluation\8051\CONFIG\"                    #
#                            -D_NR_OF_BANKS=0 -D_CODEBANK_END=0                #
#                            -D_CODEBANK_START=0                               #
#                            "G:\f\ZL\网蜂科技（WeBee） ZigBee开发套件配套资源 #
#                            \示例程序和文档教程\2.组网实验\3.无线传输质量检测 #
#                            \WeBEE CC2530 BasicRF\ide\srf05_cc2530\iar\temp\p #
#                            er_test\adc.r51"                                  #
#                            "G:\f\ZL\网蜂科技（WeBee） ZigBee开发套件配套资源 #
#                            \示例程序和文档教程\2.组网实验\3.无线传输质量检测 #
#                            \WeBEE CC2530 BasicRF\ide\srf05_cc2530\iar\temp\p #
#                            er_test\basic_rf.r51"                             #
#                            "G:\f\ZL\网蜂科技（WeBee） ZigBee开发套件配套资源 #
#                            \示例程序和文档教程\2.组网实验\3.无线传输质量检测 #
#                            \WeBEE CC2530 BasicRF\ide\srf05_cc2530\iar\temp\p #
#                            er_test\clock.r51"                                #
#                            "G:\f\ZL\网蜂科技（WeBee） ZigBee开发套件配套资源 #
#                            \示例程序和文档教程\2.组网实验\3.无线传输质量检测 #
#                            \WeBEE CC2530 BasicRF\ide\srf05_cc2530\iar\temp\p #
#                            er_test\hal_assert.r51"                           #
#                            "G:\f\ZL\网蜂科技（WeBee） ZigBee开发套件配套资源 #
#                            \示例程序和文档教程\2.组网实验\3.无线传输质量检测 #
#                            \WeBEE CC2530 BasicRF\ide\srf05_cc2530\iar\temp\p #
#                            er_test\hal_board.r51"                            #
#                            "G:\f\ZL\网蜂科技（WeBee） ZigBee开发套件配套资源 #
#                            \示例程序和文档教程\2.组网实验\3.无线传输质量检测 #
#                            \WeBEE CC2530 BasicRF\ide\srf05_cc2530\iar\temp\p #
#                            er_test\hal_button.r51"                           #
#                            "G:\f\ZL\网蜂科技（WeBee） ZigBee开发套件配套资源 #
#                            \示例程序和文档教程\2.组网实验\3.无线传输质量检测 #
#                            \WeBEE CC2530 BasicRF\ide\srf05_cc2530\iar\temp\p #
#                            er_test\hal_digio.r51"                            #
#                            "G:\f\ZL\网蜂科技（WeBee） ZigBee开发套件配套资源 #
#                            \示例程序和文档教程\2.组网实验\3.无线传输质量检测 #
#                            \WeBEE CC2530 BasicRF\ide\srf05_cc2530\iar\temp\p #
#                            er_test\hal_int.r51"                              #
#                            "G:\f\ZL\网蜂科技（WeBee） ZigBee开发套件配套资源 #
#                            \示例程序和文档教程\2.组网实验\3.无线传输质量检测 #
#                            \WeBEE CC2530 BasicRF\ide\srf05_cc2530\iar\temp\p #
#                            er_test\hal_joystick.r51"                         #
#                            "G:\f\ZL\网蜂科技（WeBee） ZigBee开发套件配套资源 #
#                            \示例程序和文档教程\2.组网实验\3.无线传输质量检测 #
#                            \WeBEE CC2530 BasicRF\ide\srf05_cc2530\iar\temp\p #
#                            er_test\hal_lcd_srf05.r51"                        #
#                            "G:\f\ZL\网蜂科技（WeBee） ZigBee开发套件配套资源 #
#                            \示例程序和文档教程\2.组网实验\3.无线传输质量检测 #
#                            \WeBEE CC2530 BasicRF\ide\srf05_cc2530\iar\temp\p #
#                            er_test\hal_led.r51"                              #
#                            "G:\f\ZL\网蜂科技（WeBee） ZigBee开发套件配套资源 #
#                            \示例程序和文档教程\2.组网实验\3.无线传输质量检测 #
#                            \WeBEE CC2530 BasicRF\ide\srf05_cc2530\iar\temp\p #
#                            er_test\hal_mcu.r51"                              #
#                            "G:\f\ZL\网蜂科技（WeBee） ZigBee开发套件配套资源 #
#                            \示例程序和文档教程\2.组网实验\3.无线传输质量检测 #
#                            \WeBEE CC2530 BasicRF\ide\srf05_cc2530\iar\temp\p #
#                            er_test\hal_rf.r51"                               #
#                            "G:\f\ZL\网蜂科技（WeBee） ZigBee开发套件配套资源 #
#                            \示例程序和文档教程\2.组网实验\3.无线传输质量检测 #
#                            \WeBEE CC2530 BasicRF\ide\srf05_cc2530\iar\temp\p #
#                            er_test\hal_timer_32k.r51"                        #
#                            "G:\f\ZL\网蜂科技（WeBee） ZigBee开发套件配套资源 #
#                            \示例程序和文档教程\2.组网实验\3.无线传输质量检测 #
#                            \WeBEE CC2530 BasicRF\ide\srf05_cc2530\iar\temp\p #
#                            er_test\per_test.r51"                             #
#                            "G:\f\ZL\网蜂科技（WeBee） ZigBee开发套件配套资源 #
#                            \示例程序和文档教程\2.组网实验\3.无线传输质量检测 #
#                            \WeBEE CC2530 BasicRF\ide\srf05_cc2530\iar\temp\p #
#                            er_test\per_test_menu.r51"                        #
#                            "G:\f\ZL\网蜂科技（WeBee） ZigBee开发套件配套资源 #
#                            \示例程序和文档教程\2.组网实验\3.无线传输质量检测 #
#                            \WeBEE CC2530 BasicRF\ide\srf05_cc2530\iar\temp\p #
#                            er_test\util.r51"                                 #
#                            "G:\f\ZL\网蜂科技（WeBee） ZigBee开发套件配套资源 #
#                            \示例程序和文档教程\2.组网实验\3.无线传输质量检测 #
#                            \WeBEE CC2530 BasicRF\ide\srf05_cc2530\iar\temp\p #
#                            er_test\util_buffer.r51"                          #
#                            "G:\f\ZL\网蜂科技（WeBee） ZigBee开发套件配套资源 #
#                            \示例程序和文档教程\2.组网实验\3.无线传输质量检测 #
#                            \WeBEE CC2530 BasicRF\ide\srf05_cc2530\iar\temp\p #
#                            er_test\util_lcd.r51"                             #
#                            -o                                                #
#                            "G:\f\ZL\网蜂科技（WeBee） ZigBee开发套件配套资源 #
#                            \示例程序和文档教程\2.组网实验\3.无线传输质量检测 #
#                            \WeBEE CC2530 BasicRF\ide\srf05_cc2530\iar\per_te #
#                            st.d51"                                           #
#                            -l                                                #
#                            "G:\f\ZL\网蜂科技（WeBee） ZigBee开发套件配套资源 #
#                            \示例程序和文档教程\2.组网实验\3.无线传输质量检测 #
#                            \WeBEE CC2530 BasicRF\ide\srf05_cc2530\iar\temp\p #
#                            er_test.map"                                      #
#                            -xmsn                                             #
#                            "-IC:\Program Files\IAR Systems\Embedded Workbenc #
#                            h 6.0 Evaluation\8051\LIB\"                       #
#                            -f                                                #
#                            "C:\Program Files\IAR Systems\Embedded Workbench  #
#                            6.0 Evaluation\8051\config\devices\Texas Instrume #
#                            nts\lnk51ew_CC2530F256.xcl"                       #
#                            (-D_IDATA0_START=0x00 -D_IDATA0_END=0xFF          #
#                            -D_PDATA0_START=0x1E00 -D_PDATA0_END=0x1EFF       #
#                            -D_IXDATA0_START=0x0001 -D_IXDATA0_END=0x1EFF     #
#                            -D_XDATA0_START=_IXDATA0_START                    #
#                            -D_XDATA0_END=_IXDATA0_END                        #
#                            -D_CODE0_START=0x0000 -D_CODE0_END=0xFFFF         #
#                            -D?REGISTER_BANK=0x0 -D_REGISTER_BANK_START=0x0   #
#                            -D?PBANK_NUMBER=0x1E -D_BREG_START=0x00           #
#                            -D?VB=0x20 -D?ESP=0x9B -Z(BIT)BREG=_BREG_START    #
#                            -Z(BIT)BIT_N=0-7F                                 #
#                            -Z(DATA)REGISTERS+8=_REGISTER_BANK_START          #
#                            -Z(DATA)BDATA_Z,BDATA_N,BDATA_I=20-2F             #
#                            -Z(DATA)VREG+_NR_OF_VIRTUAL_REGISTERS=08-7F       #
#                            -Z(DATA)PSP,XSP=08-7F -Z(DATA)DOVERLAY=08-7F      #
#                            -Z(DATA)DATA_I,DATA_Z,DATA_N=08-7F                #
#                            -U(IDATA)0-7F=(DATA)0-7F                          #
#                            -Z(IDATA)IDATA_I,IDATA_Z,IDATA_N=08-_IDATA0_END   #
#                            -Z(IDATA)ISTACK+_IDATA_STACK_SIZE#08-_IDATA0_END  #
#                            -Z(IDATA)IOVERLAY=08-FF -Z(CODE)INTVEC=0          #
#                            -Z(CODE)CSTART=_CODE0_START-_CODE0_END            #
#                            -Z(CODE)BIT_ID,BDATA_ID,DATA_ID,IDATA_ID,IXDATA_I #
#                            D,PDATA_ID,XDATA_ID=_CODE0_START-_CODE0_END       #
#                            -Z(CODE)RCODE,DIFUNCT,CODE_C,CODE_N,NEAR_CODE=_CO #
#                            DE0_START-_CODE0_END                              #
#                            -Z(CODE)CHECKSUM#_CODE0_END                       #
#                            -Z(XDATA)EXT_STACK+_EXTENDED_STACK_SIZE=_EXTENDED #
#                            _STACK_START                                      #
#                            -Z(XDATA)PSTACK+_PDATA_STACK_SIZE=_PDATA0_START-_ #
#                            PDATA0_END                                        #
#                            -Z(XDATA)XSTACK+_XDATA_STACK_SIZE=_XDATA0_START-_ #
#                            XDATA0_END                                        #
#                            -Z(XDATA)PDATA_Z,PDATA_I=_PDATA0_START-_PDATA0_EN #
#                            D                                                 #
#                            -P(XDATA)PDATA_N=_PDATA0_START-_PDATA0_END        #
#                            -Z(XDATA)IXDATA_Z,IXDATA_I=_IXDATA0_START-_IXDATA #
#                            0_END                                             #
#                            -P(XDATA)IXDATA_N=_IXDATA0_START-_IXDATA0_END     #
#                            -Z(XDATA)XDATA_Z,XDATA_I=_XDATA0_START-_XDATA0_EN #
#                            D                                                 #
#                            -P(XDATA)XDATA_N=_XDATA0_START-_XDATA0_END        #
#                            -Z(XDATA)XDATA_HEAP+_XDATA_HEAP_SIZE=_XDATA0_STAR #
#                            T-_XDATA0_END                                     #
#                            -Z(CONST)XDATA_ROM_C=_XDATA0_START-_XDATA0_END    #
#                            -cx51) -D_NR_OF_VIRTUAL_REGISTERS=8               #
#                            -D?PBANK=0x93 -e_medium_write=_formatted_write    #
#                            -e_medium_read=_formatted_read -rt                #
#                            "-Ointel-extended=G:\f\ZL\网蜂科技（WeBee） ZigBe #
#                            e开发套件配套资源\示例程序和文档教程\2.组网实验\3 #
#                            .无线传输质量检测\WeBEE CC2530 BasicRF\ide\srf05_ #
#                            cc2530\iar\per_test.hex"                          #
#                            -s __program_start                                #
#                            "C:\Program Files\IAR Systems\Embedded Workbench  #
#                            6.0 Evaluation\8051\LIB\CLIB\cl-pli-nlxd-1e16x01. #
#                            r51"                                              #
#                            -D_IDATA_STACK_SIZE=0x40                          #
#                            -D_EXTENDED_STACK_START=0x00                      #
#                            -D_EXTENDED_STACK_SIZE=0x00                       #
#                            -D_PDATA_STACK_SIZE=0x80                          #
#                            -D_XDATA_STACK_SIZE=0x100                         #
#                            -D_XDATA_HEAP_SIZE=0xFF -D_FAR_HEAP_SIZE=0xFFF    #
#                            -D_HUGE_HEAP_SIZE=0xFFF                           #
#                            -D_FAR22_HEAP_SIZE=0xFFF                          #
#                                                                              #
#                           Copyright (C) 1987-2010 IAR Systems AB.            #
################################################################################





                ****************************************
                *                                      *
                *           CROSS REFERENCE            *
                *                                      *
                ****************************************

       Program entry at : CODE      000000D3  Relocatable, from module : CSTARTUP




                ****************************************
                *                                      *
                *            RUNTIME MODEL             *
                *                                      *
                ****************************************

  __SystemLibrary          = CLib
  __calling_convention     = xdata_reentrant
  __code_model             = near
  __core                   = plain
  __data_model             = large
  __dptr_size              = 16
  __extended_stack         = disabled
  __location_for_constants = data
  __number_of_dptrs        = 1
  __rt_version             = 1



                ****************************************
                *                                      *
                *              MODULE MAP              *
                *                                      *
                ****************************************


  DEFINED ABSOLUTE ENTRIES
    *************************************************************************

  DEFINED ABSOLUTE ENTRIES
  PROGRAM MODULE, NAME : ?ABS_ENTRY_MOD

Absolute parts
           ENTRY                   ADDRESS         REF BY
           =====                   =======         ======
           _FAR22_HEAP_SIZE        00000FFF 
           _HUGE_HEAP_SIZE         00000FFF 
           _FAR_HEAP_SIZE          00000FFF 
           _XDATA_HEAP_SIZE        000000FF 
           _XDATA_STACK_SIZE       00000100 
           _PDATA_STACK_SIZE       00000080 
           _EXTENDED_STACK_SIZE    00000000 
           _EXTENDED_STACK_START   00000000 
           _IDATA_STACK_SIZE       00000040 
           ?PBANK                  00000093 
           _NR_OF_VIRTUAL_REGISTERS
                                   00000008 
           ?ESP                    0000009B 
           ?VB                     00000020        ?FUNC_ENTER_XDATA (?FUNC_ENTER_XDATA)
                                                   ?FUNC_LEAVE_XDATA (?FUNC_LEAVE_XDATA)
                                                   ?INTERRUPT_ENTER_XSP (?INTERRUPT_ENTER_XSP)
                                                   ?INTERRUPT_LEAVE_XSP (?INTERRUPT_LEAVE_XSP)
           _BREG_START             00000000 
           ?PBANK_NUMBER           0000001E 
           _REGISTER_BANK_START    00000000 
           ?REGISTER_BANK          00000000        Segment part 6 (CSTARTUP)
           _CODE0_END              0000FFFF 
           _CODE0_START            00000000 
           _XDATA0_END             00001EFF 
           _XDATA0_START           00000001 
           _IXDATA0_END            00001EFF 
           _IXDATA0_START          00000001 
           _PDATA0_END             00001EFF 
           _PDATA0_START           00001E00 
           _IDATA0_END             000000FF 
           _IDATA0_START           00000000 
           _CODEBANK_START         00000000 
           _CODEBANK_END           00000000 
           _NR_OF_BANKS            00000000 
    *************************************************************************

  FILE NAME : G:\f\ZL\网蜂科技（WeBee） ZigBee开发套件配套资源\示例程序和文档教程\2.组网实验\3.无线传输质量检测\WeBEE CC2530 BasicRF\ide\srf05_cc2530\iar\temp\per_test\adc.r51
    *************************************************************************

  FILE NAME : G:\f\ZL\网蜂科技（WeBee） ZigBee开发套件配套资源\示例程序和文档教程\2.组网实验\3.无线传输质量检测\WeBEE CC2530 BasicRF\ide\srf05_cc2530\iar\temp\per_test\basic_rf.r51
  PROGRAM MODULE, NAME : basic_rf

  SEGMENTS IN THE MODULE
  ======================
XDATA_I
  Relative segment, address: XDATA 0000023E - 00000249 (0xc bytes), align: 0
  Segment part 52.            Intra module refs:   basicRfInit
                                                   basicRfRxFrmDoneIsr
           LOCAL                   ADDRESS         
           =====                   =======         
           rxi                     0000023E 
    -------------------------------------------------------------------------
XDATA_I
  Relative segment, address: XDATA 0000024A - 0000024D (0x4 bytes), align: 0
  Segment part 68.            Intra module refs:   appTransmitter
                                                   basicRfInit
           ENTRY                   ADDRESS         REF BY
           =====                   =======         ======
           __Constant_0            0000024A 
    -------------------------------------------------------------------------
XDATA_I
  Relative segment, address: XDATA 0000024E - 00000251 (0x4 bytes), align: 0
  Segment part 70.            Intra module refs:   appTransmitter
           ENTRY                   ADDRESS         REF BY
           =====                   =======         ======
           __Constant_3e8          0000024E 
    -------------------------------------------------------------------------
XDATA_I
  Relative segment, address: XDATA 00000252 - 00000255 (0x4 bytes), align: 0
  Segment part 72.            Intra module refs:   appTransmitter
           ENTRY                   ADDRESS         REF BY
           =====                   =======         ======
           __Constant_1            00000252 
    -------------------------------------------------------------------------
XDATA_Z
  Relative segment, address: XDATA 00000101 - 00000107 (0x7 bytes), align: 0
  Segment part 54.            Intra module refs:   appTransmitter
                                                   basicRfInit
                                                   basicRfRxFrmDoneIsr
                                                   basicRfSendPacket
           LOCAL                   ADDRESS         
           =====                   =======         
           txState                 00000101 
    -------------------------------------------------------------------------
XDATA_Z
  Relative segment, address: XDATA 00000108 - 00000109 (0x2 bytes), align: 0
  Segment part 55.            Intra module refs:   ?Subroutine6
                                                   basicRfInit
                                                   basicRfSendPacket
           LOCAL                   ADDRESS         
           =====                   =======         
           pConfig                 00000108 
    -------------------------------------------------------------------------
XDATA_Z
  Relative segment, address: XDATA 0000010A - 0000017C (0x73 bytes), align: 0
  Segment part 56.            Intra module refs:   basicRfSendPacket
           LOCAL                   ADDRESS         
           =====                   =======         
           txMpdu                  0000010A 
    -------------------------------------------------------------------------
XDATA_Z
  Relative segment, address: XDATA 0000017D - 000001FC (0x80 bytes), align: 0
  Segment part 57.            Intra module refs:   basicRfRxFrmDoneIsr
           LOCAL                   ADDRESS         
           =====                   =======         
           rxMpdu                  0000017D 
    -------------------------------------------------------------------------
NEAR_CODE
  Relative segment, address: CODE 000002C8 - 000003B0 (0xe9 bytes), align: 0
  Segment part 74.            Intra module refs:   basicRfInit
           LOCAL                   ADDRESS         
           =====                   =======         
           basicRfRxFrmDoneIsr     000002C8 
               calls direct, is indirectly called
               ISTACK = 00000000 ( 00000002 )
    -------------------------------------------------------------------------
NEAR_CODE
  Relative segment, address: CODE 000003B1 - 0000043C (0x8c bytes), align: 0
  Segment part 75.            Intra module refs:   appTransmitter
           ENTRY                   ADDRESS         REF BY
           =====                   =======         ======
           basicRfInit             000003B1 
               calls direct
               XSTACK = 0000000F ( 00000000 )
               ISTACK = 00000000 ( 00000002 )
    -------------------------------------------------------------------------
NEAR_CODE
  Relative segment, address: CODE 0000043D - 00000549 (0x10d bytes), align: 0
  Segment part 76.            Intra module refs:   appTransmitter
           ENTRY                   ADDRESS         REF BY
           =====                   =======         ======
           basicRfSendPacket       0000043D 
               calls direct
               XSTACK = 0000000F ( 0000000A )
               ISTACK = 00000000 ( 00000001 )
    -------------------------------------------------------------------------
NEAR_CODE
  Relative segment, address: CODE 0000054A - 00000552 (0x9 bytes), align: 0
  Segment part 77.            Intra module refs:   basicRfInit
                                                   basicRfSendPacket
           LOCAL                   ADDRESS         
           =====                   =======         
           ?Subroutine7            0000054A 
    -------------------------------------------------------------------------
NEAR_CODE
  Relative segment, address: CODE 00000553 - 00000558 (0x6 bytes), align: 0
  Segment part 78.            Intra module refs:   ?Subroutine7
                                                   Segment part 107
                                                   basicRfInit
                                                   basicRfRxFrmDoneIsr
                                                   basicRfSendPacket
           LOCAL                   ADDRESS         
           =====                   =======         
           ?Subroutine10           00000553 
    -------------------------------------------------------------------------
NEAR_CODE
  Relative segment, address: CODE 00000559 - 00000565 (0xd bytes), align: 0
  Segment part 79.            Intra module refs:   basicRfSendPacket
           LOCAL                   ADDRESS         
           =====                   =======         
           ?Subroutine6            00000559 
    -------------------------------------------------------------------------
SFR_AN
  Relative segment, address: DATA 00000080 - 00000080 (0x1 bytes), align: 0
  Segment part 1. ROOT.       Intra module refs:   HalLcd_HW_Control
                                                   HalLcd_HW_Write
                                                   halBoardInit
                                                   halLcdInit
                                                   halLedToggle
                                                   main
           ENTRY                   ADDRESS         REF BY
           =====                   =======         ======
           _A_P0                   00000080 
           LOCAL                   ADDRESS         
           =====                   =======         
           P0                      00000080 
    -------------------------------------------------------------------------
SFR_AN
  Relative segment, address: DATA 00000086 - 00000086 (0x1 bytes), align: 0
  Segment part 2. ROOT.       Intra module refs:   main
           ENTRY                   ADDRESS         REF BY
           =====                   =======         ======
           U0CSR                   00000086 
    -------------------------------------------------------------------------
SFR_AN
  Relative segment, address: DATA 00000089 - 00000089 (0x1 bytes), align: 0
  Segment part 3. ROOT.       Intra module refs:   port0_ISR
           ENTRY                   ADDRESS         REF BY
           =====                   =======         ======
           P0IFG                   00000089 
    -------------------------------------------------------------------------
SFR_AN
  Relative segment, address: DATA 0000008A - 0000008A (0x1 bytes), align: 0
  Segment part 4. ROOT.       Intra module refs:   port1_ISR
           ENTRY                   ADDRESS         REF BY
           =====                   =======         ======
           P1IFG                   0000008A 
    -------------------------------------------------------------------------
SFR_AN
  Relative segment, address: DATA 0000008B - 0000008B (0x1 bytes), align: 0
  Segment part 5. ROOT.       Intra module refs:   port2_ISR
           ENTRY                   ADDRESS         REF BY
           =====                   =======         ======
           P2IFG                   0000008B 
    -------------------------------------------------------------------------
SFR_AN
  Relative segment, address: DATA 0000008F - 0000008F (0x1 bytes), align: 0
  Segment part 6. ROOT.       Intra module refs:   halBoardInit
           ENTRY                   ADDRESS         REF BY
           =====                   =======         ======
           P0INP                   0000008F 
    -------------------------------------------------------------------------
SFR_AN
  Relative segment, address: DATA 00000090 - 00000090 (0x1 bytes), align: 0
  Segment part 7. ROOT.       Intra module refs:   HalLcd_HW_Control
                                                   HalLcd_HW_Write
                                                   halBoardInit
                                                   halLcdInit
                                                   halLedToggle
                                                   main
           ENTRY                   ADDRESS         REF BY
           =====                   =======         ======
           _A_P1                   00000090 
           LOCAL                   ADDRESS         
           =====                   =======         
           P1                      00000090 
    -------------------------------------------------------------------------
SFR_AN
  Relative segment, address: DATA 00000091 - 00000091 (0x1 bytes), align: 0
  Segment part 8. ROOT.       Intra module refs:   basicRfSendPacket
           ENTRY                   ADDRESS         REF BY
           =====                   =======         ======
           RFIRQF1                 00000091 
    -------------------------------------------------------------------------
SFR_AN
  Relative segment, address: DATA 0000009A - 0000009A (0x1 bytes), align: 0
  Segment part 9. ROOT.       Intra module refs:   halRfDisableRxInterrupt
                                                   halRfEnableRxInterrupt
           ENTRY                   ADDRESS         REF BY
           =====                   =======         ======
           IEN2                    0000009A 
    -------------------------------------------------------------------------
SFR_AN
  Relative segment, address: DATA 0000009B - 0000009B (0x1 bytes), align: 0
  Segment part 10. ROOT.      Intra module refs:   rfIsr
           ENTRY                   ADDRESS         REF BY
           =====                   =======         ======
           S1CON                   0000009B 
    -------------------------------------------------------------------------
SFR_AN
  Relative segment, address: DATA 0000009D - 0000009D (0x1 bytes), align: 0
  Segment part 11. ROOT.      Intra module refs:   clockSetMainSrc
           ENTRY                   ADDRESS         REF BY
           =====                   =======         ======
           SLEEPSTA                0000009D 
    -------------------------------------------------------------------------
SFR_AN
  Relative segment, address: DATA 0000009E - 0000009E (0x1 bytes), align: 0
  Segment part 12. ROOT.      Intra module refs:   clockSelect32k
                                                   clockSetMainSrc
                                                   halBoardInit
           ENTRY                   ADDRESS         REF BY
           =====                   =======         ======
           CLKCONSTA               0000009E 
    -------------------------------------------------------------------------
SFR_AN
  Relative segment, address: DATA 000000A8 - 000000A8 (0x1 bytes), align: 0
  Segment part 13. ROOT.      Intra module refs:   appTransmitter
                                                   basicRfInit
                                                   basicRfRxFrmDoneIsr
                                                   halBoardInit
                                                   rfIsr
           ENTRY                   ADDRESS         REF BY
           =====                   =======         ======
           _A_IEN0                 000000A8 
           LOCAL                   ADDRESS         
           =====                   =======         
           IEN0                    000000A8 
    -------------------------------------------------------------------------
SFR_AN
  Relative segment, address: DATA 000000AF - 000000AF (0x1 bytes), align: 0
  Segment part 14. ROOT.      Intra module refs:   appTransmitter
           ENTRY                   ADDRESS         REF BY
           =====                   =======         ======
           T1STAT                  000000AF 
    -------------------------------------------------------------------------
SFR_AN
  Relative segment, address: DATA 000000B8 - 000000B8 (0x1 bytes), align: 0
  Segment part 15. ROOT.      Intra module refs:   appTransmitter
           ENTRY                   ADDRESS         REF BY
           =====                   =======         ======
           _A_IEN1                 000000B8 
           LOCAL                   ADDRESS         
           =====                   =======         
           IEN1                    000000B8 
    -------------------------------------------------------------------------
SFR_AN
  Relative segment, address: DATA 000000BE - 000000BE (0x1 bytes), align: 0
  Segment part 16. ROOT.      Intra module refs:   clockSetMainSrc
           ENTRY                   ADDRESS         REF BY
           =====                   =======         ======
           SLEEPCMD                000000BE 
    -------------------------------------------------------------------------
SFR_AN
  Relative segment, address: DATA 000000C0 - 000000C0 (0x1 bytes), align: 0
  Segment part 17. ROOT.      Intra module refs:   port0_ISR
           ENTRY                   ADDRESS         REF BY
           =====                   =======         ======
           _A_IRCON                000000C0 
           LOCAL                   ADDRESS         
           =====                   =======         
           IRCON                   000000C0 
    -------------------------------------------------------------------------
SFR_AN
  Relative segment, address: DATA 000000C2 - 000000C2 (0x1 bytes), align: 0
  Segment part 18. ROOT.      Intra module refs:   main
           ENTRY                   ADDRESS         REF BY
           =====                   =======         ======
           U0BAUD                  000000C2 
    -------------------------------------------------------------------------
SFR_AN
  Relative segment, address: DATA 000000C5 - 000000C5 (0x1 bytes), align: 0
  Segment part 19. ROOT.      Intra module refs:   main
           ENTRY                   ADDRESS         REF BY
           =====                   =======         ======
           U0GCR                   000000C5 
    -------------------------------------------------------------------------
SFR_AN
  Relative segment, address: DATA 000000C6 - 000000C6 (0x1 bytes), align: 0
  Segment part 20. ROOT.      Intra module refs:   clockSelect32k
                                                   clockSetMainSrc
           ENTRY                   ADDRESS         REF BY
           =====                   =======         ======
           CLKCONCMD               000000C6 
    -------------------------------------------------------------------------
SFR_AN
  Relative segment, address: DATA 000000D9 - 000000D9 (0x1 bytes), align: 0
  Segment part 21. ROOT.      Intra module refs:   basicRfSendPacket
                                                   halRfReadRxBuf
           ENTRY                   ADDRESS         REF BY
           =====                   =======         ======
           RFD                     000000D9 
    -------------------------------------------------------------------------
SFR_AN
  Relative segment, address: DATA 000000DA - 000000DA (0x1 bytes), align: 0
  Segment part 22. ROOT.      Intra module refs:   appTransmitter
           ENTRY                   ADDRESS         REF BY
           =====                   =======         ======
           T1CC0L                  000000DA 
    -------------------------------------------------------------------------
SFR_AN
  Relative segment, address: DATA 000000DB - 000000DB (0x1 bytes), align: 0
  Segment part 23. ROOT.      Intra module refs:   appTransmitter
           ENTRY                   ADDRESS         REF BY
           =====                   =======         ======
           T1CC0H                  000000DB 
    -------------------------------------------------------------------------
SFR_AN
  Relative segment, address: DATA 000000E1 - 000000E1 (0x1 bytes), align: 0
  Segment part 24. ROOT.      Intra module refs:   appTransmitter
                                                   basicRfSendPacket
           ENTRY                   ADDRESS         REF BY
           =====                   =======         ======
           RFST                    000000E1 
    -------------------------------------------------------------------------
SFR_AN
  Relative segment, address: DATA 000000E4 - 000000E4 (0x1 bytes), align: 0
  Segment part 25. ROOT.      Intra module refs:   appTransmitter
           ENTRY                   ADDRESS         REF BY
           =====                   =======         ======
           T1CTL                   000000E4 
    -------------------------------------------------------------------------
SFR_AN
  Relative segment, address: DATA 000000E5 - 000000E5 (0x1 bytes), align: 0
  Segment part 26. ROOT.      Intra module refs:   appTransmitter
           ENTRY                   ADDRESS         REF BY
           =====                   =======         ======
           T1CCTL0                 000000E5 
    -------------------------------------------------------------------------
SFR_AN
  Relative segment, address: DATA 000000E8 - 000000E8 (0x1 bytes), align: 0
  Segment part 27. ROOT.      Intra module refs:   main
                                                   port1_ISR
                                                   port2_ISR
           ENTRY                   ADDRESS         REF BY
           =====                   =======         ======
           _A_IRCON2               000000E8 
           LOCAL                   ADDRESS         
           =====                   =======         
           IRCON2                  000000E8 
    -------------------------------------------------------------------------
SFR_AN
  Relative segment, address: DATA 000000E9 - 000000E9 (0x1 bytes), align: 0
  Segment part 28. ROOT.      Intra module refs:   rfIsr
           ENTRY                   ADDRESS         REF BY
           =====                   =======         ======
           RFIRQF0                 000000E9 
    -------------------------------------------------------------------------
SFR_AN
  Relative segment, address: DATA 000000F1 - 000000F1 (0x1 bytes), align: 0
  Segment part 29. ROOT.      Intra module refs:   halBoardInit
                                                   main
           ENTRY                   ADDRESS         REF BY
           =====                   =======         ======
           PERCFG                  000000F1 
    -------------------------------------------------------------------------
SFR_AN
  Relative segment, address: DATA 000000F3 - 000000F3 (0x1 bytes), align: 0
  Segment part 30. ROOT.      Intra module refs:   halBoardInit
                                                   halLcdInit
                                                   main
           ENTRY                   ADDRESS         REF BY
           =====                   =======         ======
           P0SEL                   000000F3 
    -------------------------------------------------------------------------
SFR_AN
  Relative segment, address: DATA 000000F4 - 000000F4 (0x1 bytes), align: 0
  Segment part 31. ROOT.      Intra module refs:   halBoardInit
                                                   halLcdInit
           ENTRY                   ADDRESS         REF BY
           =====                   =======         ======
           P1SEL                   000000F4 
    -------------------------------------------------------------------------
SFR_AN
  Relative segment, address: DATA 000000F5 - 000000F5 (0x1 bytes), align: 0
  Segment part 32. ROOT.      Intra module refs:   halBoardInit
           ENTRY                   ADDRESS         REF BY
           =====                   =======         ======
           P2SEL                   000000F5 
    -------------------------------------------------------------------------
SFR_AN
  Relative segment, address: DATA 000000F7 - 000000F7 (0x1 bytes), align: 0
  Segment part 33. ROOT.      Intra module refs:   halBoardInit
           ENTRY                   ADDRESS         REF BY
           =====                   =======         ======
           P2INP                   000000F7 
    -------------------------------------------------------------------------
SFR_AN
  Relative segment, address: DATA 000000F8 - 000000F8 (0x1 bytes), align: 0
  Segment part 34. ROOT.      Intra module refs:   HalLcd_HW_Control
                                                   HalLcd_HW_Write
                                                   halBoardInit
           ENTRY                   ADDRESS         REF BY
           =====                   =======         ======
           _A_U1CSR                000000F8 
           LOCAL                   ADDRESS         
           =====                   =======         
           U1CSR                   000000F8 
    -------------------------------------------------------------------------
SFR_AN
  Relative segment, address: DATA 000000F9 - 000000F9 (0x1 bytes), align: 0
  Segment part 35. ROOT.      Intra module refs:   HalLcd_HW_Control
                                                   HalLcd_HW_Write
           ENTRY                   ADDRESS         REF BY
           =====                   =======         ======
           U1DBUF                  000000F9 
    -------------------------------------------------------------------------
SFR_AN
  Relative segment, address: DATA 000000FA - 000000FA (0x1 bytes), align: 0
  Segment part 36. ROOT.      Intra module refs:   halBoardInit
           ENTRY                   ADDRESS         REF BY
           =====                   =======         ======
           U1BAUD                  000000FA 
    -------------------------------------------------------------------------
SFR_AN
  Relative segment, address: DATA 000000FB - 000000FB (0x1 bytes), align: 0
  Segment part 37. ROOT.      Intra module refs:   halBoardInit
           ENTRY                   ADDRESS         REF BY
           =====                   =======         ======
           U1UCR                   000000FB 
    -------------------------------------------------------------------------
SFR_AN
  Relative segment, address: DATA 000000FC - 000000FC (0x1 bytes), align: 0
  Segment part 38. ROOT.      Intra module refs:   halBoardInit
           ENTRY                   ADDRESS         REF BY
           =====                   =======         ======
           U1GCR                   000000FC 
    -------------------------------------------------------------------------
SFR_AN
  Relative segment, address: DATA 000000FD - 000000FD (0x1 bytes), align: 0
  Segment part 39. ROOT.      Intra module refs:   halBoardInit
                                                   halLcdInit
           ENTRY                   ADDRESS         REF BY
           =====                   =======         ======
           P0DIR                   000000FD 
    -------------------------------------------------------------------------
SFR_AN
  Relative segment, address: DATA 000000FE - 000000FE (0x1 bytes), align: 0
  Segment part 40. ROOT.      Intra module refs:   halBoardInit
                                                   halLcdInit
           ENTRY                   ADDRESS         REF BY
           =====                   =======         ======
           P1DIR                   000000FE 
    -------------------------------------------------------------------------
SFR_AN
  Relative segment, address: DATA 000000FF - 000000FF (0x1 bytes), align: 0
  Segment part 41. ROOT.      Intra module refs:   halBoardInit
                                                   main
           ENTRY                   ADDRESS         REF BY
           =====                   =======         ======
           P2DIR                   000000FF 
    -------------------------------------------------------------------------
NEAR_CODE
  Relative segment, address: CODE 00000566 - 00000597 (0x32 bytes), align: 0
  Segment part 80.            Intra module refs:   halBoardInit
           ENTRY                   ADDRESS         REF BY
           =====                   =======         ======
           clockSetMainSrc         00000566 
    -------------------------------------------------------------------------
NEAR_CODE
  Relative segment, address: CODE 00000598 - 000005BD (0x26 bytes), align: 0
  Segment part 81.            Intra module refs:   halBoardInit
           ENTRY                   ADDRESS         REF BY
           =====                   =======         ======
           clockSelect32k          00000598 
    -------------------------------------------------------------------------
NEAR_CODE
  Relative segment, address: CODE 000005BE - 000005E8 (0x2b bytes), align: 0
  Segment part 82.            Intra module refs:   basicRfSendPacket
                                                   halMcuWaitMs
           ENTRY                   ADDRESS         REF BY
           =====                   =======         ======
           halMcuWaitUs            000005BE 
               XSTACK = 0000000A ( 00000000 )
    -------------------------------------------------------------------------
NEAR_CODE
  Relative segment, address: CODE 000005E9 - 0000060F (0x27 bytes), align: 0
  Segment part 83.            Intra module refs:   appTransmitter
                                                   halAssertHandler
                                                   main
           ENTRY                   ADDRESS         REF BY
           =====                   =======         ======
           halMcuWaitMs            000005E9 
               calls direct
               XSTACK = 0000000F ( 00000008 )
    -------------------------------------------------------------------------
XDATA_Z
  Relative segment, address: XDATA 000001FD - 000001FE (0x2 bytes), align: 0
  Segment part 58.            Intra module refs:   basicRfInit
                                                   rfIsr
           LOCAL                   ADDRESS         
           =====                   =======         
           pfISR                   000001FD 
    -------------------------------------------------------------------------
NEAR_CODE
  Relative segment, address: CODE 00000610 - 00000632 (0x23 bytes), align: 0
  Segment part 84.            Intra module refs:   basicRfInit
                                                   main
           ENTRY                   ADDRESS         REF BY
           =====                   =======         ======
           halRfInit               00000610 
               calls direct
               ISTACK = 00000000 ( 00000002 )
    -------------------------------------------------------------------------
NEAR_CODE
  Relative segment, address: CODE 00000633 - 0000064A (0x18 bytes), align: 0
  Segment part 85.            Intra module refs:   basicRfRxFrmDoneIsr
           ENTRY                   ADDRESS         REF BY
           =====                   =======         ======
           halRfReadRxBuf          00000633 
               ISTACK = 00000000 ( 00000003 )
    -------------------------------------------------------------------------
NEAR_CODE
  Relative segment, address: CODE 0000064B - 00000658 (0xe bytes), align: 0
  Segment part 86.            Intra module refs:   basicRfRxFrmDoneIsr
                                                   basicRfSendPacket
           ENTRY                   ADDRESS         REF BY
           =====                   =======         ======
           halRfDisableRxInterrupt
                                   0000064B 
               XSTACK = 0000000A ( 00000000 )
               ISTACK = 00000000 ( 00000002 )
    -------------------------------------------------------------------------
NEAR_CODE
  Relative segment, address: CODE 00000659 - 0000065D (0x5 bytes), align: 0
  Segment part 87.            Intra module refs:   appTimerISR
                                                   basicRfInit
                                                   basicRfRxFrmDoneIsr
                                                   halLedToggle
                                                   halRfDisableRxInterrupt
                                                   halRfEnableRxInterrupt
                                                   halRfInit
                                                   halRfReadRxBuf
           LOCAL                   ADDRESS         
           =====                   =======         
           ?Subroutine1            00000659 
    -------------------------------------------------------------------------
NEAR_CODE
  Relative segment, address: CODE 0000065E - 0000066D (0x10 bytes), align: 0
  Segment part 88.            Intra module refs:   basicRfRxFrmDoneIsr
                                                   basicRfSendPacket
                                                   halRfInit
           ENTRY                   ADDRESS         REF BY
           =====                   =======         ======
           halRfEnableRxInterrupt
                                   0000065E 
               XSTACK = 0000000A ( 00000000 )
               ISTACK = 00000000 ( 00000002 )
    -------------------------------------------------------------------------
NEAR_CODE
  Relative segment, address: CODE 0000066E - 0000069A (0x2d bytes), align: 0
  Segment part 89.            Intra module refs:   rfIsr::??INTVEC 131
           ENTRY                   ADDRESS         REF BY
           =====                   =======         ======
           rfIsr                   0000066E 
               interrupt function
               ISTACK = 00000000 ( 0000000F )
    -------------------------------------------------------------------------
NEAR_CODE
  Relative segment, address: CODE 0000069B - 0000069F (0x5 bytes), align: 0
  Segment part 90.            Intra module refs:   T1_ISR
                                                   rfIsr
           LOCAL                   ADDRESS         
           =====                   =======         
           ?Subroutine2            0000069B 
    -------------------------------------------------------------------------
XDATA_Z
  Relative segment, address: XDATA 000001FF - 00000200 (0x2 bytes), align: 0
  Segment part 59.            Intra module refs:   T1_ISR
                                                   appTransmitter
           LOCAL                   ADDRESS         
           =====                   =======         
           fptr                    000001FF 
    -------------------------------------------------------------------------
NEAR_CODE
  Relative segment, address: CODE 000006A0 - 000006B6 (0x17 bytes), align: 0
  Segment part 91.            Intra module refs:   T1_ISR::??INTVEC 75
           ENTRY                   ADDRESS         REF BY
           =====                   =======         ======
           T1_ISR                  000006A0 
               interrupt function
               ISTACK = 00000000 ( 0000000F )
    -------------------------------------------------------------------------
NEAR_CODE
  Relative segment, address: CODE 000006B7 - 000006C2 (0xc bytes), align: 0
  Segment part 92.            Intra module refs:   SET_DDRAM_ADDR
                                                   halLcdInit
           LOCAL                   ADDRESS         
           =====                   =======         
           HalLcd_HW_Control       000006B7 
               XSTACK = 00000008 ( 00000000 )
    -------------------------------------------------------------------------
NEAR_CODE
  Relative segment, address: CODE 000006C3 - 000006C9 (0x7 bytes), align: 0
  Segment part 93.            Intra module refs:   HalLcd_HW_Control
                                                   HalLcd_HW_Write
           LOCAL                   ADDRESS         
           =====                   =======         
           ?Subroutine0            000006C3 
    -------------------------------------------------------------------------
NEAR_CODE
  Relative segment, address: CODE 000006CA - 000006D7 (0xe bytes), align: 0
  Segment part 94.            Intra module refs:   halLcdInit
           LOCAL                   ADDRESS         
           =====                   =======         
           HalLcd_HW_Write         000006CA 
               XSTACK = 00000008 ( 00000000 )
    -------------------------------------------------------------------------
NEAR_CODE
  Relative segment, address: CODE 000006D8 - 000006F8 (0x21 bytes), align: 0
  Segment part 95.            Intra module refs:   halLcdInit
           LOCAL                   ADDRESS         
           =====                   =======         
           SET_DDRAM_ADDR          000006D8 
               calls direct
               XSTACK = 00000008 ( 00000008 )
    -------------------------------------------------------------------------
NEAR_CODE
  Relative segment, address: CODE 000006F9 - 000006FD (0x5 bytes), align: 0
  Segment part 96.            Intra module refs:   SET_DDRAM_ADDR
                                                   halLcdInit
           LOCAL                   ADDRESS         
           =====                   =======         
           ?Subroutine3            000006F9 
    -------------------------------------------------------------------------
NEAR_CODE
  Relative segment, address: CODE 000006FE - 00000776 (0x79 bytes), align: 0
  Segment part 97.            Intra module refs:   halBoardInit
           ENTRY                   ADDRESS         REF BY
           =====                   =======         ======
           halLcdInit              000006FE 
               calls direct
               XSTACK = 00000000 ( 00000008 )
    -------------------------------------------------------------------------
NEAR_CODE
  Relative segment, address: CODE 00000777 - 00000793 (0x1d bytes), align: 0
  Segment part 98.            Intra module refs:   appTransmitter
                                                   halBoardInit
                                                   main
           ENTRY                   ADDRESS         REF BY
           =====                   =======         ======
           halAssertHandler        00000777 
               calls direct
               XSTACK = 0000000F ( 00000000 )
    -------------------------------------------------------------------------
NEAR_CODE
  Relative segment, address: CODE 00000794 - 00000800 (0x6d bytes), align: 0
  Segment part 99.            Intra module refs:   main
           ENTRY                   ADDRESS         REF BY
           =====                   =======         ======
           halBoardInit            00000794 
               calls direct
    -------------------------------------------------------------------------
XDATA_Z
  Relative segment, address: XDATA 00000201 - 00000210 (0x10 bytes), align: 0
  Segment part 60.            Intra module refs:   port0_ISR
           LOCAL                   ADDRESS         
           =====                   =======         
           port0_isr_tbl           00000201 
    -------------------------------------------------------------------------
XDATA_Z
  Relative segment, address: XDATA 00000211 - 00000220 (0x10 bytes), align: 0
  Segment part 61.            Intra module refs:   port1_ISR
           LOCAL                   ADDRESS         
           =====                   =======         
           port1_isr_tbl           00000211 
    -------------------------------------------------------------------------
XDATA_Z
  Relative segment, address: XDATA 00000221 - 0000022A (0xa bytes), align: 0
  Segment part 62.            Intra module refs:   port2_ISR
           LOCAL                   ADDRESS         
           =====                   =======         
           port2_isr_tbl           00000221 
    -------------------------------------------------------------------------
NEAR_CODE
  Relative segment, address: CODE 00000801 - 00000854 (0x54 bytes), align: 0
  Segment part 100.           Intra module refs:   port0_ISR::??INTVEC 107
           ENTRY                   ADDRESS         REF BY
           =====                   =======         ======
           port0_ISR               00000801 
               interrupt function
               ISTACK = 00000000 ( 00000010 )
    -------------------------------------------------------------------------
NEAR_CODE
  Relative segment, address: CODE 00000855 - 00000859 (0x5 bytes), align: 0
  Segment part 101.           Intra module refs:   port0_ISR
                                                   port1_ISR
                                                   port2_ISR
           LOCAL                   ADDRESS         
           =====                   =======         
           ?Subroutine4            00000855 
    -------------------------------------------------------------------------
NEAR_CODE
  Relative segment, address: CODE 0000085A - 0000085C (0x3 bytes), align: 0
  Segment part 102.           Intra module refs:   port0_ISR
                                                   port1_ISR
                                                   port2_ISR
           LOCAL                   ADDRESS         
           =====                   =======         
           ?Subroutine8            0000085A 
    -------------------------------------------------------------------------
NEAR_CODE
  Relative segment, address: CODE 0000085D - 00000860 (0x4 bytes), align: 0
  Segment part 103.           Intra module refs:   ?Subroutine8
                                                   basicRfInit
                                                   basicRfSendPacket
    -------------------------------------------------------------------------
NEAR_CODE
  Relative segment, address: CODE 00000861 - 00000863 (0x3 bytes), align: 0
  Segment part 104.           Intra module refs:   ?Subroutine6
                                                   Segment part 103
           LOCAL                   ADDRESS         
           =====                   =======         
           ?Subroutine9            00000861 
    -------------------------------------------------------------------------
NEAR_CODE
  Relative segment, address: CODE 00000864 - 00000869 (0x6 bytes), align: 0
  Segment part 105.           Intra module refs:   ?Subroutine7
                                                   ?Subroutine9
                                                   T1_ISR
                                                   basicRfInit
                                                   rfIsr
    -------------------------------------------------------------------------
NEAR_CODE
  Relative segment, address: CODE 0000086A - 0000086C (0x3 bytes), align: 0
  Segment part 106.           Intra module refs:   port0_ISR
                                                   port1_ISR
                                                   port2_ISR
           LOCAL                   ADDRESS         
           =====                   =======         
           ?Subroutine5            0000086A 
    -------------------------------------------------------------------------
NEAR_CODE
  Relative segment, address: CODE 0000086D - 00000872 (0x6 bytes), align: 0
  Segment part 107.           Intra module refs:   ?Subroutine5
                                                   T1_ISR
                                                   rfIsr
    -------------------------------------------------------------------------
NEAR_CODE
  Relative segment, address: CODE 00000873 - 000008C8 (0x56 bytes), align: 0
  Segment part 108.           Intra module refs:   port1_ISR::??INTVEC 123
           ENTRY                   ADDRESS         REF BY
           =====                   =======         ======
           port1_ISR               00000873 
               interrupt function
               ISTACK = 00000000 ( 00000010 )
    -------------------------------------------------------------------------
NEAR_CODE
  Relative segment, address: CODE 000008C9 - 0000091F (0x57 bytes), align: 0
  Segment part 109.           Intra module refs:   port2_ISR::??INTVEC 51
           ENTRY                   ADDRESS         REF BY
           =====                   =======         ======
           port2_ISR               000008C9 
               interrupt function
               ISTACK = 00000000 ( 00000010 )
    -------------------------------------------------------------------------
XDATA_Z
  Relative segment, address: XDATA 0000022B - 0000022B (0x1 bytes), align: 0
  Segment part 63.            Intra module refs:   halLedToggle
           ENTRY                   ADDRESS         REF BY
           =====                   =======         ======
           led4State               0000022B 
    -------------------------------------------------------------------------
NEAR_CODE
  Relative segment, address: CODE 00000920 - 0000094E (0x2f bytes), align: 0
  Segment part 110.           Intra module refs:   appTransmitter
                                                   halAssertHandler
           ENTRY                   ADDRESS         REF BY
           =====                   =======         ======
           halLedToggle            00000920 
               XSTACK = 0000000F ( 00000000 )
               ISTACK = 00000000 ( 00000002 )
    -------------------------------------------------------------------------
XDATA_Z
  Relative segment, address: XDATA 0000022C - 00000231 (0x6 bytes), align: 0
  Segment part 64.            Intra module refs:   appTransmitter
                                                   main
           LOCAL                   ADDRESS         
           =====                   =======         
           basicRfConfig           0000022C 
    -------------------------------------------------------------------------
XDATA_Z
  Relative segment, address: XDATA 00000232 - 0000023B (0xa bytes), align: 0
  Segment part 65.            Intra module refs:   appTransmitter
           LOCAL                   ADDRESS         
           =====                   =======         
           txPacket                00000232 
    -------------------------------------------------------------------------
XDATA_Z
  Relative segment, address: XDATA 0000023C - 0000023C (0x1 bytes), align: 0
  Segment part 66.            Intra module refs:   appTimerISR
                                                   appTransmitter
                                                   main
           LOCAL                   ADDRESS         
           =====                   =======         
           appState                0000023C 
    -------------------------------------------------------------------------
XDATA_Z
  Relative segment, address: XDATA 0000023D - 0000023D (0x1 bytes), align: 0
  Segment part 67.            Intra module refs:   appTransmitter
                                                   main
           LOCAL                   ADDRESS         
           =====                   =======         
           appStarted              0000023D 
    -------------------------------------------------------------------------
NEAR_CODE
  Relative segment, address: CODE 0000094F - 0000095B (0xd bytes), align: 0
  Segment part 111.           Intra module refs:   appTransmitter
           LOCAL                   ADDRESS         
           =====                   =======         
           appTimerISR             0000094F 
               is indirectly called
               ISTACK = 00000000 ( 00000002 )
    -------------------------------------------------------------------------
NEAR_CODE
  Relative segment, address: CODE 0000095C - 00000A33 (0xd8 bytes), align: 0
  Segment part 112.           Intra module refs:   main
           LOCAL                   ADDRESS         
           =====                   =======         
           appTransmitter          0000095C 
               calls direct
               XSTACK = 00000000 ( 0000000F )
    -------------------------------------------------------------------------
NEAR_CODE
  Relative segment, address: CODE 00000A34 - 00000A83 (0x50 bytes), align: 0
  Segment part 113.
           ENTRY                   ADDRESS         REF BY
           =====                   =======         ======
           main                    00000A34        ?call_main (?cmain)
               calls direct
    -------------------------------------------------------------------------
INTVEC
  Common segment, address: CODE 00000000 - 00000035 (0x36 bytes), align: 0
  Segment part 42. ROOT.
           ENTRY                   ADDRESS         REF BY
           =====                   =======         ======
           port2_ISR::??INTVEC 51
                                   00000033 
    -------------------------------------------------------------------------
INTVEC
  Common segment, address: CODE 00000000 - 0000004D (0x4e bytes), align: 0
  Segment part 43. ROOT.
           ENTRY                   ADDRESS         REF BY
           =====                   =======         ======
           T1_ISR::??INTVEC 75     0000004B 
    -------------------------------------------------------------------------
INTVEC
  Common segment, address: CODE 00000000 - 0000006D (0x6e bytes), align: 0
  Segment part 44. ROOT.
           ENTRY                   ADDRESS         REF BY
           =====                   =======         ======
           port0_ISR::??INTVEC 107
                                   0000006B 
    -------------------------------------------------------------------------
INTVEC
  Common segment, address: CODE 00000000 - 0000007D (0x7e bytes), align: 0
  Segment part 45. ROOT.
           ENTRY                   ADDRESS         REF BY
           =====                   =======         ======
           port1_ISR::??INTVEC 123
                                   0000007B 
    -------------------------------------------------------------------------
INTVEC
  Common segment, address: CODE 00000000 - 00000085 (0x86 bytes), align: 0
  Segment part 46. ROOT.
           ENTRY                   ADDRESS         REF BY
           =====                   =======         ======
           rfIsr::??INTVEC 131     00000083 
    -------------------------------------------------------------------------
XDATA_ID
  Relative segment, address: CODE 000000E5 - 000000F0 (0xc bytes), align: 0
  Segment part 53.            Intra module refs:   rxi
    -------------------------------------------------------------------------
XDATA_ID
  Relative segment, address: CODE 000000F1 - 000000F4 (0x4 bytes), align: 0
  Segment part 69.            Intra module refs:   __Constant_0
    -------------------------------------------------------------------------
XDATA_ID
  Relative segment, address: CODE 000000F5 - 000000F8 (0x4 bytes), align: 0
  Segment part 71.            Intra module refs:   __Constant_3e8
    -------------------------------------------------------------------------
XDATA_ID
  Relative segment, address: CODE 000000F9 - 000000FC (0x4 bytes), align: 0
  Segment part 73.            Intra module refs:   __Constant_1

    *************************************************************************

  FILE NAME : G:\f\ZL\网蜂科技（WeBee） ZigBee开发套件配套资源\示例程序和文档教程\2.组网实验\3.无线传输质量检测\WeBEE CC2530 BasicRF\ide\srf05_cc2530\iar\temp\per_test\clock.r51
    *************************************************************************

  FILE NAME : G:\f\ZL\网蜂科技（WeBee） ZigBee开发套件配套资源\示例程序和文档教程\2.组网实验\3.无线传输质量检测\WeBEE CC2530 BasicRF\ide\srf05_cc2530\iar\temp\per_test\hal_assert.r51
    *************************************************************************

  FILE NAME : G:\f\ZL\网蜂科技（WeBee） ZigBee开发套件配套资源\示例程序和文档教程\2.组网实验\3.无线传输质量检测\WeBEE CC2530 BasicRF\ide\srf05_cc2530\iar\temp\per_test\hal_board.r51
    *************************************************************************

  FILE NAME : G:\f\ZL\网蜂科技（WeBee） ZigBee开发套件配套资源\示例程序和文档教程\2.组网实验\3.无线传输质量检测\WeBEE CC2530 BasicRF\ide\srf05_cc2530\iar\temp\per_test\hal_button.r51
    *************************************************************************

  FILE NAME : G:\f\ZL\网蜂科技（WeBee） ZigBee开发套件配套资源\示例程序和文档教程\2.组网实验\3.无线传输质量检测\WeBEE CC2530 BasicRF\ide\srf05_cc2530\iar\temp\per_test\hal_digio.r51
    *************************************************************************

  FILE NAME : G:\f\ZL\网蜂科技（WeBee） ZigBee开发套件配套资源\示例程序和文档教程\2.组网实验\3.无线传输质量检测\WeBEE CC2530 BasicRF\ide\srf05_cc2530\iar\temp\per_test\hal_int.r51
    *************************************************************************

  FILE NAME : G:\f\ZL\网蜂科技（WeBee） ZigBee开发套件配套资源\示例程序和文档教程\2.组网实验\3.无线传输质量检测\WeBEE CC2530 BasicRF\ide\srf05_cc2530\iar\temp\per_test\hal_joystick.r51
    *************************************************************************

  FILE NAME : G:\f\ZL\网蜂科技（WeBee） ZigBee开发套件配套资源\示例程序和文档教程\2.组网实验\3.无线传输质量检测\WeBEE CC2530 BasicRF\ide\srf05_cc2530\iar\temp\per_test\hal_lcd_srf05.r51
    *************************************************************************

  FILE NAME : G:\f\ZL\网蜂科技（WeBee） ZigBee开发套件配套资源\示例程序和文档教程\2.组网实验\3.无线传输质量检测\WeBEE CC2530 BasicRF\ide\srf05_cc2530\iar\temp\per_test\hal_led.r51
    *************************************************************************

  FILE NAME : G:\f\ZL\网蜂科技（WeBee） ZigBee开发套件配套资源\示例程序和文档教程\2.组网实验\3.无线传输质量检测\WeBEE CC2530 BasicRF\ide\srf05_cc2530\iar\temp\per_test\hal_mcu.r51
    *************************************************************************

  FILE NAME : G:\f\ZL\网蜂科技（WeBee） ZigBee开发套件配套资源\示例程序和文档教程\2.组网实验\3.无线传输质量检测\WeBEE CC2530 BasicRF\ide\srf05_cc2530\iar\temp\per_test\hal_rf.r51
    *************************************************************************

  FILE NAME : G:\f\ZL\网蜂科技（WeBee） ZigBee开发套件配套资源\示例程序和文档教程\2.组网实验\3.无线传输质量检测\WeBEE CC2530 BasicRF\ide\srf05_cc2530\iar\temp\per_test\hal_timer_32k.r51
    *************************************************************************

  FILE NAME : G:\f\ZL\网蜂科技（WeBee） ZigBee开发套件配套资源\示例程序和文档教程\2.组网实验\3.无线传输质量检测\WeBEE CC2530 BasicRF\ide\srf05_cc2530\iar\temp\per_test\per_test.r51
    *************************************************************************

  FILE NAME : G:\f\ZL\网蜂科技（WeBee） ZigBee开发套件配套资源\示例程序和文档教程\2.组网实验\3.无线传输质量检测\WeBEE CC2530 BasicRF\ide\srf05_cc2530\iar\temp\per_test\per_test_menu.r51
    *************************************************************************

  FILE NAME : G:\f\ZL\网蜂科技（WeBee） ZigBee开发套件配套资源\示例程序和文档教程\2.组网实验\3.无线传输质量检测\WeBEE CC2530 BasicRF\ide\srf05_cc2530\iar\temp\per_test\util.r51
    *************************************************************************

  FILE NAME : G:\f\ZL\网蜂科技（WeBee） ZigBee开发套件配套资源\示例程序和文档教程\2.组网实验\3.无线传输质量检测\WeBEE CC2530 BasicRF\ide\srf05_cc2530\iar\temp\per_test\util_buffer.r51
    *************************************************************************

  FILE NAME : G:\f\ZL\网蜂科技（WeBee） ZigBee开发套件配套资源\示例程序和文档教程\2.组网实验\3.无线传输质量检测\WeBEE CC2530 BasicRF\ide\srf05_cc2530\iar\temp\per_test\util_lcd.r51
    *************************************************************************

  FILE NAME : C:\Program Files\IAR Systems\Embedded Workbench 6.0 Evaluation\8051\LIB\CLIB\cl-pli-nlxd-1e16x01.r51
  LIBRARY MODULE, NAME : ?cexit

  SEGMENTS IN THE MODULE
  ======================
CSTART
  Relative segment, address: CODE 00000086 - 0000008A (0x5 bytes), align: 0
  Segment part 0.
           ENTRY                   ADDRESS         REF BY
           =====                   =======         ======
           exit                    00000086        ?call_main (?cmain)
           ?C_EXIT                 00000086 
           ?ROM_MONITOR_NOPS       00000086 

    -------------------------------------------------------------------------
  LIBRARY MODULE, NAME : ?cmain

  SEGMENTS IN THE MODULE
  ======================
CSTART
  Relative segment, address: CODE 0000008B, align: 0
  Segment part 0.
           ENTRY                   ADDRESS         REF BY
           =====                   =======         ======
           ?cmain                  0000008B        Segment part 13 (CSTARTUP)
    -------------------------------------------------------------------------
CSTART
  Relative segment, address: CODE 0000008B - 00000093 (0x9 bytes), align: 0
  Segment part 1.
           ENTRY                   ADDRESS         REF BY
           =====                   =======         ======
           __low_level_init_call   0000008B        __low_level_init (?low_level_init)
    -------------------------------------------------------------------------
CSTART
  Relative segment, address: CODE 00000094 - 000000A3 (0x10 bytes), align: 0
  Segment part 11.
           ENTRY                   ADDRESS         REF BY
           =====                   =======         ======
           __INIT_XDATA_Z          00000094        appStarted (basic_rf)
                                                   appState (basic_rf)
                                                   basicRfConfig (basic_rf)
                                                   fptr (basic_rf)
                                                   led4State (basic_rf)
                                                   pConfig (basic_rf)
                                                   pfISR (basic_rf)
                                                   port0_isr_tbl (basic_rf)
                                                   port1_isr_tbl (basic_rf)
                                                   port2_isr_tbl (basic_rf)
                                                   rxMpdu (basic_rf)
                                                   txMpdu (basic_rf)
                                                   txPacket (basic_rf)
                                                   txState (basic_rf)
    -------------------------------------------------------------------------
CSTART
  Relative segment, address: CODE 000000A4 - 000000CC (0x29 bytes), align: 0
  Segment part 28.
           ENTRY                   ADDRESS         REF BY
           =====                   =======         ======
           __INIT_XDATA_I          000000A4        __Constant_0 (basic_rf)
                                                   __Constant_1 (basic_rf)
                                                   __Constant_3e8 (basic_rf)
                                                   rxi (basic_rf)
    -------------------------------------------------------------------------
CSTART
  Relative segment, address: CODE 000000CD, align: 0
  Segment part 32.            Intra module refs:   __low_level_init_call
    -------------------------------------------------------------------------
CSTART
  Relative segment, address: CODE 000000CD - 000000D2 (0x6 bytes), align: 0
  Segment part 33.            Intra module refs:   ?cmain
           ENTRY                   ADDRESS         REF BY
           =====                   =======         ======
           ?call_main              000000CD 

    -------------------------------------------------------------------------
  LIBRARY MODULE, NAME : CSTARTUP

  SEGMENTS IN THE MODULE
  ======================
REGISTERS
  Relative segment, address: DATA 00000000, align: 0
  Segment part 0.             Intra module refs:   Segment part 6
           ENTRY                   ADDRESS         REF BY
           =====                   =======         ======
           ?REGISTERS              00000000 
    -------------------------------------------------------------------------
ISTACK
  Relative segment, address: IDATA 000000C0, align: 0
  Segment part 1.             Intra module refs:   Segment part 6
           ENTRY                   ADDRESS         REF BY
           =====                   =======         ======
           ?ISTACK_START           000000C0 
    -------------------------------------------------------------------------
XSTACK
  Relative segment, address: XDATA 00000001, align: 0
  Segment part 3.             Intra module refs:   ?RESET_XSP
           ENTRY                   ADDRESS         REF BY
           =====                   =======         ======
           ?XSTACK_START           00000001 
    -------------------------------------------------------------------------
INTVEC
  Common segment, address: CODE 00000000 - 00000002 (0x3 bytes), align: 0
  Segment part 5. ROOT.       Intra module refs:   Segment part 6
    -------------------------------------------------------------------------
CSTART
  Relative segment, address: CODE 000000D3 - 000000D8 (0x6 bytes), align: 0
  Segment part 6. ROOT.       Intra module refs:   Segment part 5
           ENTRY                   ADDRESS         REF BY
           =====                   =======         ======
           __program_start         000000D3        Absolute parts (?ABS_ENTRY_MOD)
           ?RESET_SP               000000D6 
    -------------------------------------------------------------------------
CSTART
  Relative segment, address: CODE 000000D9 - 000000DE (0x6 bytes), align: 0
  Segment part 8.
           ENTRY                   ADDRESS         REF BY
           =====                   =======         ======
           ?RESET_XSP              000000D9        ?XSP (VIRTUAL_REGISTERS)
    -------------------------------------------------------------------------
PDATA_Z
  Relative segment, address: XDATA 00001E00, align: 0
  Segment part 10. ROOT.
    -------------------------------------------------------------------------
CSTART
  Relative segment, address: CODE 000000DF - 000000E1 (0x3 bytes), align: 0
  Segment part 13.            Intra module refs:   Absolute parts

    -------------------------------------------------------------------------
  LIBRARY MODULE, NAME : VIRTUAL_REGISTERS

  SEGMENTS IN THE MODULE
  ======================
BREG
  Relative segment, address: BIT 00000020.0 - 00000020.7 (0x8 bits), align: 0
  Segment part 0.
           ENTRY                   ADDRESS         REF BY
           =====                   =======         ======
           ?B0                     00000020.0      Absolute parts (CSTARTUP)
    -------------------------------------------------------------------------
VREG
  Relative segment, address: DATA 00000008, align: 0
  Segment part 1.
           ENTRY                   ADDRESS         REF BY
           =====                   =======         ======
           ?V0                     00000008        ?FUNC_ENTER_XDATA (?FUNC_ENTER_XDATA)
                                                   ?FUNC_LEAVE_XDATA (?FUNC_LEAVE_XDATA)
                                                   ?INTERRUPT_ENTER_XSP (?INTERRUPT_ENTER_XSP)
                                                   ?INTERRUPT_LEAVE_XSP (?INTERRUPT_LEAVE_XSP)
                                                   ?UL_GE_X (?UL_GE_X)
                                                   appTransmitter (basic_rf)
                                                   basicRfSendPacket (basic_rf)
                                                   port0_ISR (basic_rf)
                                                   port1_ISR (basic_rf)
                                                   port2_ISR (basic_rf)
    -------------------------------------------------------------------------
XSP
  Relative segment, address: DATA 00000010 - 00000011 (0x2 bytes), align: 0
  Segment part 3.
           ENTRY                   ADDRESS         REF BY
           =====                   =======         ======
           ?XSP                    00000010        ?FUNC_ENTER_XDATA (?FUNC_ENTER_XDATA)
                                                   ?FUNC_LEAVE_XDATA (?FUNC_LEAVE_XDATA)
                                                   ?INTERRUPT_ENTER_XSP (?INTERRUPT_ENTER_XSP)
                                                   ?INTERRUPT_LEAVE_XSP (?INTERRUPT_LEAVE_XSP)
                                                   ?RESET_XSP (CSTARTUP)

    -------------------------------------------------------------------------
  LIBRARY MODULE, NAME : ?UL_GE_X

  SEGMENTS IN THE MODULE
  ======================
RCODE
  Relative segment, address: CODE 000000FD - 0000011B (0x1f bytes), align: 0
  Segment part 1.
           ENTRY                   ADDRESS         REF BY
           =====                   =======         ======
           ?UL_GE_X                000000FD        appTransmitter (basic_rf)

    -------------------------------------------------------------------------
  LIBRARY MODULE, NAME : ?L_ADD_TO_X

  SEGMENTS IN THE MODULE
  ======================
RCODE
  Relative segment, address: CODE 0000011C - 0000012E (0x13 bytes), align: 0
  Segment part 1.
           ENTRY                   ADDRESS         REF BY
           =====                   =======         ======
           ?L_ADD_TO_X             0000011C        appTransmitter (basic_rf)

    -------------------------------------------------------------------------
  LIBRARY MODULE, NAME : ?L_MOV_X

  SEGMENTS IN THE MODULE
  ======================
RCODE
  Relative segment, address: CODE 0000012F - 0000013D (0xf bytes), align: 0
  Segment part 0.
           ENTRY                   ADDRESS         REF BY
           =====                   =======         ======
           ?L_MOV_X                0000012F        appTransmitter (basic_rf)

    -------------------------------------------------------------------------
  LIBRARY MODULE, NAME : ?XLOAD_R2345

  SEGMENTS IN THE MODULE
  ======================
RCODE
  Relative segment, address: CODE 0000013E - 00000149 (0xc bytes), align: 0
  Segment part 0.
           ENTRY                   ADDRESS         REF BY
           =====                   =======         ======
           ?XLOAD_R2345            0000013E        appTransmitter (basic_rf)
                                                   basicRfInit (basic_rf)

    -------------------------------------------------------------------------
  LIBRARY MODULE, NAME : ?XSTORE_R2345

  SEGMENTS IN THE MODULE
  ======================
RCODE
  Relative segment, address: CODE 0000014A - 00000155 (0xc bytes), align: 0
  Segment part 0.
           ENTRY                   ADDRESS         REF BY
           =====                   =======         ======
           ?XSTORE_R2345           0000014A        appTransmitter (basic_rf)
                                                   basicRfInit (basic_rf)

    -------------------------------------------------------------------------
  LIBRARY MODULE, NAME : ?S_SHL

  SEGMENTS IN THE MODULE
  ======================
RCODE
  Relative segment, address: CODE 00000156 - 00000158 (0x3 bytes), align: 0
  Segment part 0.
           ENTRY                   ADDRESS         REF BY
           =====                   =======         ======
           ?S_SHL                  00000156        port0_ISR (basic_rf)
                                                   port1_ISR (basic_rf)
                                                   port2_ISR (basic_rf)
    -------------------------------------------------------------------------
RCODE
  Relative segment, address: CODE 00000159 - 0000015B (0x3 bytes), align: 0
  Segment part 1.             Intra module refs:   Segment part 2
           ENTRY                   ADDRESS         REF BY
           =====                   =======         ======
           ?S_SHL_REW              00000159 
    -------------------------------------------------------------------------
RCODE
  Relative segment, address: CODE 0000015C - 00000168 (0xd bytes), align: 0
  Segment part 2.             Intra module refs:   ?S_SHL
                                                   ?S_SHL_REW

    -------------------------------------------------------------------------
  LIBRARY MODULE, NAME : ?CALL_IND

  SEGMENTS IN THE MODULE
  ======================
RCODE
  Relative segment, address: CODE 00000169 - 0000016A (0x2 bytes), align: 0
  Segment part 0.
           ENTRY                   ADDRESS         REF BY
           =====                   =======         ======
           ?CALL_IND               00000169        T1_ISR (basic_rf)
                                                   port0_ISR (basic_rf)
                                                   port1_ISR (basic_rf)
                                                   port2_ISR (basic_rf)
                                                   rfIsr (basic_rf)

    -------------------------------------------------------------------------
  LIBRARY MODULE, NAME : ?FUNC_ENTER_XDATA

  SEGMENTS IN THE MODULE
  ======================
RCODE
  Relative segment, address: CODE 0000016B - 000001D0 (0x66 bytes), align: 0
  Segment part 1.
           ENTRY                   ADDRESS         REF BY
           =====                   =======         ======
           ?FUNC_ENTER_XDATA       0000016B        SET_DDRAM_ADDR (basic_rf)
                                                   appTransmitter (basic_rf)
                                                   basicRfSendPacket (basic_rf)
                                                   halLcdInit (basic_rf)
                                                   halMcuWaitMs (basic_rf)

    -------------------------------------------------------------------------
  LIBRARY MODULE, NAME : ?FUNC_LEAVE_XDATA

  SEGMENTS IN THE MODULE
  ======================
RCODE
  Relative segment, address: CODE 000001D1 - 00000210 (0x40 bytes), align: 0
  Segment part 1.
           ENTRY                   ADDRESS         REF BY
           =====                   =======         ======
           ?FUNC_LEAVE_XDATA       000001D1        ?Subroutine3 (basic_rf)
                                                   basicRfSendPacket (basic_rf)
                                                   halMcuWaitMs (basic_rf)

    -------------------------------------------------------------------------
  LIBRARY MODULE, NAME : ?INTERRUPT_ENTER_XSP

  SEGMENTS IN THE MODULE
  ======================
RCODE
  Relative segment, address: CODE 00000211 - 0000026F (0x5f bytes), align: 0
  Segment part 1.
           ENTRY                   ADDRESS         REF BY
           =====                   =======         ======
           ?INTERRUPT_ENTER_XSP    00000211        T1_ISR (basic_rf)
                                                   port0_ISR (basic_rf)
                                                   port1_ISR (basic_rf)
                                                   port2_ISR (basic_rf)
                                                   rfIsr (basic_rf)

    -------------------------------------------------------------------------
  LIBRARY MODULE, NAME : ?INTERRUPT_LEAVE_XSP

  SEGMENTS IN THE MODULE
  ======================
RCODE
  Relative segment, address: CODE 00000270 - 000002C7 (0x58 bytes), align: 0
  Segment part 1.
           ENTRY                   ADDRESS         REF BY
           =====                   =======         ======
           ?INTERRUPT_LEAVE_XSP    00000270        ?Subroutine2 (basic_rf)
                                                   ?Subroutine4 (basic_rf)

    -------------------------------------------------------------------------
  LIBRARY MODULE, NAME : ?low_level_init

  SEGMENTS IN THE MODULE
  ======================
CSTART
  Relative segment, address: CODE 000000E2 - 000000E4 (0x3 bytes), align: 0
  Segment part 6. ROOT.
           ENTRY                   ADDRESS         REF BY
           =====                   =======         ======
           __low_level_init        000000E2        __low_level_init_call (?cmain)




                ****************************************
                *                                      *
                *            MODULE SUMMARY            *
                *                                      *
                ****************************************

Module                 CODE      DATA      XDATA  IDATA    BIT
------                 ----      ----      -----  -----    ---
                      (Rel)  (Rel)  (Abs)  (Rel)  (Rel)  (Rel)
?CALL_IND                 2
?FUNC_ENTER_XDATA       102
?FUNC_LEAVE_XDATA        64
?INTERRUPT_ENTER_XSP     95
?INTERRUPT_LEAVE_XSP     88
?L_ADD_TO_X              19
?L_MOV_X                 15
?S_SHL                   19
?UL_GE_X                 31
?XLOAD_R2345             12
?XSTORE_R2345            12
?cexit                    5
?cmain                   72
?low_level_init           3
CSTARTUP                 15
  + common                3
VIRTUAL_REGISTERS                2                           8
basic_rf              2 004            41    341
  + common              134
N/A (command line)              16           256     64
N/A (alignment)
----------            -----     --     --    ---     --      -
Total:                2 558     18     41    597     64      8
  + common              134


                ****************************************
                *                                      *
                *      SEGMENTS IN ADDRESS ORDER       *
                *                                      *
                ****************************************


SEGMENT              SPACE    START ADDRESS   END ADDRESS     SIZE  TYPE  ALIGN
=======              =====    =============   ===========     ====  ====  =====
INTVEC               CODE          00000000 - 00000085          86   com    0
CSTART               CODE          00000086 - 000000E4          5F   rel    0
IDATA_ID             CODE               000000E5                     dse    0
DATA_ID              CODE               000000E5                     dse    0
IXDATA_ID            CODE               000000E5                     dse    0
PDATA_ID             CODE               000000E5                     dse    0
BDATA_ID             CODE               000000E5                     dse    0
BIT_ID               CODE               000000E5                     dse    0
XDATA_ID             CODE          000000E5 - 000000FC          18   rel    0
RCODE                CODE          000000FD - 000002C7         1CB   rel    0
DIFUNCT              CODE               000002C8                     dse    0
CODE_C               CODE               000002C8                     dse    0
CODE_N               CODE               000002C8                     dse    0
NEAR_CODE            CODE          000002C8 - 00000A83         7BC   rel    0
REGISTERS            DATA          00000000 - 00000007           8   rel    0
VREG                 DATA          00000008 - 0000000F           8   rel    0
PSP                  DATA               00000010                     dse    0
XSP                  DATA          00000010 - 00000011           2   rel    0
BREG                 BIT        00000020.0  -  00000020.7        8   rel    0
SFR_AN               DATA          00000080 - 00000080           1   rel    0
                     DATA          00000086 - 00000086           1 
                     DATA          00000089 - 0000008B           3 
                     DATA          0000008F - 00000091           3 
                     DATA          0000009A - 0000009B           2 
                     DATA          0000009D - 0000009E           2 
                     DATA          000000A8 - 000000A8           1 
                     DATA          000000AF - 000000AF           1 
                     DATA          000000B8 - 000000B8           1 
                     DATA          000000BE - 000000BE           1 
                     DATA          000000C0 - 000000C0           1 
                     DATA          000000C2 - 000000C2           1 
                     DATA          000000C5 - 000000C6           2 
                     DATA          000000D9 - 000000DB           3 
                     DATA          000000E1 - 000000E1           1 
                     DATA          000000E4 - 000000E5           2 
                     DATA          000000E8 - 000000E9           2 
                     DATA          000000F1 - 000000F1           1 
                     DATA          000000F3 - 000000F5           3 
                     DATA          000000F7 - 000000FF           9 
XSTACK               XDATA         00000001 - 00000100         100   rel    0
XDATA_Z              XDATA         00000101 - 0000023D         13D   rel    0
XDATA_I              XDATA         0000023E - 00000255          18   rel    0
PDATA_Z              XDATA              00001E00                     rel    0
ISTACK               IDATA         000000C0 - 000000FF          40   rel    0

                ****************************************
                *                                      *
                *        END OF CROSS REFERENCE        *
                *                                      *
                ****************************************

 2 692 bytes of CODE  memory
    18 bytes of DATA  memory (+ 41 absolute )
   597 bytes of XDATA memory
    64 bytes of IDATA memory
     8 bits  of BIT   memory

Errors: none
Warnings: none

